[1/2] Loading Rough policy before simulator...
Loading tuning config...
[Tuning] Đã load config từ ../config/tuning.yaml
[AUTOTEST] gesture='locomotion' cmd=(0.4, 0, 0) kg=0 kv=0 warmup=2s hold=48s max_tilt=25deg max_drop=0.25m csv=results/meta_policy_paper_20260828/ablations/closed_loop/target_one_layer/mixed_traverse.csv
Khởi tạo DDS...
1787920248.938382 [1] run_policy: selected interface "lo" is not multicast-capable: disabling multicast
[Locomotion] profile=Slope gait_period=0.6 slow=(1, 0.5, 1) fast=(1.5, 0.5, 1)
[SlopeMeta] loaded package: /home/khanh248/Documents/HB/Mujoco/unitree_mujoco/simulate_cpp/policy/locomotion/meta/meta_policy_ablations_20260828/target_one_layer
[SlopeMeta] experts=slope_up,slope_down,flat history=50 actor_obs=83 action=24
[Locomotion] policy: /home/khanh248/Documents/HB/Mujoco/unitree_mujoco/simulate_cpp/policy/locomotion/meta/meta_policy_ablations_20260828/target_one_layer
[Locomotion] input 83-D -> SlopeMetaController (registry-driven GRU gate + 83-D experts)
[Gesture] slot 1 = 'vaytay_2' <- vaytay_2.npz (fps=50 x1, loop=0)
[Gesture] slot 2 = 'battay' <- battay.npz (fps=100 x1, loop=0)
[Gesture] slot 3 = 'namtay_anmung' <- namtay_anmung.npz (fps=100 x1, loop=0)
[Gesture] slot 4 = 'duaqua' <- duaqua.npz (fps=100 x1, loop=0)
[Gesture] slot 5 = 'noichuyen' <- noichuyen.loop.npz (fps=50 x1, loop=1)
[Gesture] slot 6 = 'traitim' <- traitim.npz (fps=100 x1, loop=0)
[Gesture] slot 7 = 'cheotayngauloi_hold7s' <- cheotayngauloi_hold7s.npz (fps=50 x1, loop=0)
[Gesture] slot 8 = 'damtaylentroi' <- damtaylentroi.npz (fps=50 x1, loop=0)
[Gesture] San sang. Flat: G=chon gesture, V=choi/thu. Gesture dau: 'vaytay_2'.
[Teleop] Lang nghe UDP 5560 (tay+dau) — uu tien hon gesture khi co goi.
[MotionData] Đã nạp 2224 frames @ 50fps từ ../../../HB/high_level_2/policies/dance/lacmong1/r1_lacmong1.npz
[DanceController] Đã nạp thành công mô hình: ../../../HB/high_level_2/policies/dance/lacmong1/r1_lacmong1.onnx (speed=1)
[MotionData] Đã nạp 3700 frames @ 50fps từ ../../../HB/high_level_2/policies/dance/lacmong2/r1_lacmong2_trim.npz
[DanceController] Đã nạp thành công mô hình: ../../../HB/high_level_2/policies/dance/lacmong2/r1_lacmong2.onnx (speed=1)
[MotionData] Đã nạp 858 frames @ 50fps từ ../../../HB/high_level_2/policies/dance/lacmong3/r1_lacmong3.npz
[DanceController] Đã nạp thành công mô hình: ../../../HB/high_level_2/policies/dance/lacmong3/r1_lacmong3.onnx (speed=1)
[MotionData] Đã nạp 4393 frames @ 50fps từ ../../../HB/high_level_2/policies/dance/doremon/doremon_r1.npz
[DanceController] Đã nạp thành công mô hình: ../../../HB/high_level_2/policies/dance/doremon/policy.onnx (speed=1)

>>> POLICY ĐÃ NẠP XONG. ĐANG CHỜ SIMULATOR/ROBOT STATE...
[2/2] Policy ready; starting simulator with scene: /home/khanh248/Documents/HB/Mujoco/unitree_mujoco/simulate_cpp/../unitree_robots/r1/scene_mixed_terrain.xml
Policy log: /tmp/r1_rough_policy.i8cEQH.log
