[EXPERT_ACCEPTANCE] expert=flat 1: scene=flat angle=0 category=STAND direction=neutral cmd=(0,0,0)
[EXPERT_ACCEPTANCE] control=PASS process=OK exit=0 log=/home/khanh248/Documents/HB/Mujoco/unitree_mujoco/simulate_cpp/results/meta_policy_paper_20260828/experts/flat/flat_STAND_neutral.log
[EXPERT_ACCEPTANCE] expert=flat 2: scene=flat angle=0 category=STRAIGHT direction=up cmd=(0.3,0,0)
[EXPERT_ACCEPTANCE] control=PASS process=OK exit=0 log=/home/khanh248/Documents/HB/Mujoco/unitree_mujoco/simulate_cpp/results/meta_policy_paper_20260828/experts/flat/flat_STRAIGHT_up.log
[EXPERT_ACCEPTANCE] expert=flat 3: scene=flat angle=0 category=STRAIGHT direction=down cmd=(-0.3,0,0)
[EXPERT_ACCEPTANCE] control=PASS process=OK exit=0 log=/home/khanh248/Documents/HB/Mujoco/unitree_mujoco/simulate_cpp/results/meta_policy_paper_20260828/experts/flat/flat_STRAIGHT_down.log
[EXPERT_ACCEPTANCE] expert=flat 4: scene=flat angle=0 category=DIAGONAL direction=up cmd=(0.25,0.20,0)
[EXPERT_ACCEPTANCE] control=PASS process=ERROR exit=134 log=/home/khanh248/Documents/HB/Mujoco/unitree_mujoco/simulate_cpp/results/meta_policy_paper_20260828/experts/flat/flat_DIAGONAL_up.log
[EXPERT_ACCEPTANCE] expert=flat 5: scene=flat angle=0 category=DIAGONAL direction=down cmd=(-0.25,0.20,0)
[EXPERT_ACCEPTANCE] control=PASS process=ERROR exit=134 log=/home/khanh248/Documents/HB/Mujoco/unitree_mujoco/simulate_cpp/results/meta_policy_paper_20260828/experts/flat/flat_DIAGONAL_down.log
[EXPERT_ACCEPTANCE] expert=flat 6: scene=flat angle=0 category=CROSS direction=left cmd=(0,0.3,0)
[EXPERT_ACCEPTANCE] control=PASS process=ERROR exit=134 log=/home/khanh248/Documents/HB/Mujoco/unitree_mujoco/simulate_cpp/results/meta_policy_paper_20260828/experts/flat/flat_CROSS_left.log
[EXPERT_ACCEPTANCE] expert=flat 7: scene=flat angle=0 category=CROSS direction=right cmd=(0,-0.3,0)
[EXPERT_ACCEPTANCE] control=PASS process=OK exit=0 log=/home/khanh248/Documents/HB/Mujoco/unitree_mujoco/simulate_cpp/results/meta_policy_paper_20260828/experts/flat/flat_CROSS_right.log
[EXPERT_ACCEPTANCE] expert=flat 8: scene=flat angle=0 category=TURN direction=left cmd=(0,0,0.5)
[EXPERT_ACCEPTANCE] control=PASS process=OK exit=0 log=/home/khanh248/Documents/HB/Mujoco/unitree_mujoco/simulate_cpp/results/meta_policy_paper_20260828/experts/flat/flat_TURN_left.log
[EXPERT_ACCEPTANCE] expert=flat 9: scene=flat angle=0 category=TURN direction=right cmd=(0,0,-0.5)
[EXPERT_ACCEPTANCE] control=PASS process=OK exit=0 log=/home/khanh248/Documents/HB/Mujoco/unitree_mujoco/simulate_cpp/results/meta_policy_paper_20260828/experts/flat/flat_TURN_right.log
[EXPERT_ACCEPTANCE] expert=flat 10: scene=5 angle=5 category=STAND direction=neutral cmd=(0,0,0)
[EXPERT_ACCEPTANCE] control=PASS process=OK exit=0 log=/home/khanh248/Documents/HB/Mujoco/unitree_mujoco/simulate_cpp/results/meta_policy_paper_20260828/experts/flat/5_STAND_neutral.log
[EXPERT_ACCEPTANCE] expert=flat 11: scene=5-platform angle=5 category=STRAIGHT direction=up cmd=(0.3,0,0)
[EXPERT_ACCEPTANCE] control=PASS process=OK exit=0 log=/home/khanh248/Documents/HB/Mujoco/unitree_mujoco/simulate_cpp/results/meta_policy_paper_20260828/experts/flat/5-platform_STRAIGHT_up.log
[EXPERT_ACCEPTANCE] expert=flat 12: scene=5-platform angle=5 category=STRAIGHT direction=down cmd=(-0.3,0,0)
[EXPERT_ACCEPTANCE] control=PASS process=OK exit=0 log=/home/khanh248/Documents/HB/Mujoco/unitree_mujoco/simulate_cpp/results/meta_policy_paper_20260828/experts/flat/5-platform_STRAIGHT_down.log
[EXPERT_ACCEPTANCE] expert=flat 13: scene=5-platform angle=5 category=DIAGONAL direction=up cmd=(0.25,0.20,0)
[EXPERT_ACCEPTANCE] control=PASS process=OK exit=0 log=/home/khanh248/Documents/HB/Mujoco/unitree_mujoco/simulate_cpp/results/meta_policy_paper_20260828/experts/flat/5-platform_DIAGONAL_up.log
[EXPERT_ACCEPTANCE] expert=flat 14: scene=5-platform angle=5 category=DIAGONAL direction=down cmd=(-0.25,0.20,0)
[EXPERT_ACCEPTANCE] control=PASS process=OK exit=0 log=/home/khanh248/Documents/HB/Mujoco/unitree_mujoco/simulate_cpp/results/meta_policy_paper_20260828/experts/flat/5-platform_DIAGONAL_down.log
[EXPERT_ACCEPTANCE] expert=flat 15: scene=5 angle=5 category=CROSS direction=left cmd=(0,0.3,0)
[EXPERT_ACCEPTANCE] control=PASS process=OK exit=0 log=/home/khanh248/Documents/HB/Mujoco/unitree_mujoco/simulate_cpp/results/meta_policy_paper_20260828/experts/flat/5_CROSS_left.log
[EXPERT_ACCEPTANCE] expert=flat 16: scene=5 angle=5 category=CROSS direction=right cmd=(0,-0.3,0)
[EXPERT_ACCEPTANCE] control=PASS process=ERROR exit=134 log=/home/khanh248/Documents/HB/Mujoco/unitree_mujoco/simulate_cpp/results/meta_policy_paper_20260828/experts/flat/5_CROSS_right.log
[EXPERT_ACCEPTANCE] expert=flat 17: scene=5 angle=5 category=TURN direction=left cmd=(0,0,0.5)
[EXPERT_ACCEPTANCE] control=PASS process=OK exit=0 log=/home/khanh248/Documents/HB/Mujoco/unitree_mujoco/simulate_cpp/results/meta_policy_paper_20260828/experts/flat/5_TURN_left.log
[EXPERT_ACCEPTANCE] expert=flat 18: scene=5 angle=5 category=TURN direction=right cmd=(0,0,-0.5)
[EXPERT_ACCEPTANCE] control=PASS process=OK exit=0 log=/home/khanh248/Documents/HB/Mujoco/unitree_mujoco/simulate_cpp/results/meta_policy_paper_20260828/experts/flat/5_TURN_right.log
[EXPERT_ACCEPTANCE] expert=flat 19: scene=10 angle=10 category=STAND direction=neutral cmd=(0,0,0)
[EXPERT_ACCEPTANCE] control=FAIL process=OK exit=2 log=/home/khanh248/Documents/HB/Mujoco/unitree_mujoco/simulate_cpp/results/meta_policy_paper_20260828/experts/flat/10_STAND_neutral.log
[EXPERT_ACCEPTANCE] expert=flat 20: scene=10-platform angle=10 category=STRAIGHT direction=up cmd=(0.3,0,0)
[EXPERT_ACCEPTANCE] control=PASS process=OK exit=0 log=/home/khanh248/Documents/HB/Mujoco/unitree_mujoco/simulate_cpp/results/meta_policy_paper_20260828/experts/flat/10-platform_STRAIGHT_up.log
[EXPERT_ACCEPTANCE] expert=flat 21: scene=10-platform angle=10 category=STRAIGHT direction=down cmd=(-0.3,0,0)
[EXPERT_ACCEPTANCE] control=FAIL process=ERROR exit=134 log=/home/khanh248/Documents/HB/Mujoco/unitree_mujoco/simulate_cpp/results/meta_policy_paper_20260828/experts/flat/10-platform_STRAIGHT_down.log
[EXPERT_ACCEPTANCE] expert=flat 22: scene=10-platform angle=10 category=DIAGONAL direction=up cmd=(0.25,0.20,0)
[EXPERT_ACCEPTANCE] control=PASS process=OK exit=0 log=/home/khanh248/Documents/HB/Mujoco/unitree_mujoco/simulate_cpp/results/meta_policy_paper_20260828/experts/flat/10-platform_DIAGONAL_up.log
[EXPERT_ACCEPTANCE] expert=flat 23: scene=10-platform angle=10 category=DIAGONAL direction=down cmd=(-0.25,0.20,0)
[EXPERT_ACCEPTANCE] control=FAIL process=ERROR exit=134 log=/home/khanh248/Documents/HB/Mujoco/unitree_mujoco/simulate_cpp/results/meta_policy_paper_20260828/experts/flat/10-platform_DIAGONAL_down.log
[EXPERT_ACCEPTANCE] expert=flat 24: scene=10 angle=10 category=CROSS direction=left cmd=(0,0.3,0)
[EXPERT_ACCEPTANCE] control=FAIL process=OK exit=2 log=/home/khanh248/Documents/HB/Mujoco/unitree_mujoco/simulate_cpp/results/meta_policy_paper_20260828/experts/flat/10_CROSS_left.log
[EXPERT_ACCEPTANCE] expert=flat 25: scene=10 angle=10 category=CROSS direction=right cmd=(0,-0.3,0)
[EXPERT_ACCEPTANCE] control=FAIL process=ERROR exit=134 log=/home/khanh248/Documents/HB/Mujoco/unitree_mujoco/simulate_cpp/results/meta_policy_paper_20260828/experts/flat/10_CROSS_right.log
[EXPERT_ACCEPTANCE] expert=flat 26: scene=10 angle=10 category=TURN direction=left cmd=(0,0,0.5)
[EXPERT_ACCEPTANCE] control=FAIL process=OK exit=3 log=/home/khanh248/Documents/HB/Mujoco/unitree_mujoco/simulate_cpp/results/meta_policy_paper_20260828/experts/flat/10_TURN_left.log
[EXPERT_ACCEPTANCE] expert=flat 27: scene=10 angle=10 category=TURN direction=right cmd=(0,0,-0.5)
[EXPERT_ACCEPTANCE] control=FAIL process=OK exit=2 log=/home/khanh248/Documents/HB/Mujoco/unitree_mujoco/simulate_cpp/results/meta_policy_paper_20260828/experts/flat/10_TURN_right.log
[EXPERT_ACCEPTANCE] expert=flat 28: scene=15 angle=15 category=STAND direction=neutral cmd=(0,0,0)
[EXPERT_ACCEPTANCE] control=FAIL process=OK exit=3 log=/home/khanh248/Documents/HB/Mujoco/unitree_mujoco/simulate_cpp/results/meta_policy_paper_20260828/experts/flat/15_STAND_neutral.log
[EXPERT_ACCEPTANCE] expert=flat 29: scene=15-platform angle=15 category=STRAIGHT direction=up cmd=(0.3,0,0)
[EXPERT_ACCEPTANCE] control=PASS process=OK exit=0 log=/home/khanh248/Documents/HB/Mujoco/unitree_mujoco/simulate_cpp/results/meta_policy_paper_20260828/experts/flat/15-platform_STRAIGHT_up.log
[EXPERT_ACCEPTANCE] expert=flat 30: scene=15-platform angle=15 category=STRAIGHT direction=down cmd=(-0.3,0,0)
[EXPERT_ACCEPTANCE] control=FAIL process=OK exit=2 log=/home/khanh248/Documents/HB/Mujoco/unitree_mujoco/simulate_cpp/results/meta_policy_paper_20260828/experts/flat/15-platform_STRAIGHT_down.log
[EXPERT_ACCEPTANCE] expert=flat 31: scene=15-platform angle=15 category=DIAGONAL direction=up cmd=(0.25,0.20,0)
[EXPERT_ACCEPTANCE] control=PASS process=OK exit=0 log=/home/khanh248/Documents/HB/Mujoco/unitree_mujoco/simulate_cpp/results/meta_policy_paper_20260828/experts/flat/15-platform_DIAGONAL_up.log
[EXPERT_ACCEPTANCE] expert=flat 32: scene=15-platform angle=15 category=DIAGONAL direction=down cmd=(-0.25,0.20,0)
[EXPERT_ACCEPTANCE] control=FAIL process=OK exit=2 log=/home/khanh248/Documents/HB/Mujoco/unitree_mujoco/simulate_cpp/results/meta_policy_paper_20260828/experts/flat/15-platform_DIAGONAL_down.log
[EXPERT_ACCEPTANCE] expert=flat 33: scene=15 angle=15 category=CROSS direction=left cmd=(0,0.3,0)
[EXPERT_ACCEPTANCE] control=FAIL process=OK exit=3 log=/home/khanh248/Documents/HB/Mujoco/unitree_mujoco/simulate_cpp/results/meta_policy_paper_20260828/experts/flat/15_CROSS_left.log
[EXPERT_ACCEPTANCE] expert=flat 34: scene=15 angle=15 category=CROSS direction=right cmd=(0,-0.3,0)
[EXPERT_ACCEPTANCE] control=FAIL process=OK exit=3 log=/home/khanh248/Documents/HB/Mujoco/unitree_mujoco/simulate_cpp/results/meta_policy_paper_20260828/experts/flat/15_CROSS_right.log
[EXPERT_ACCEPTANCE] expert=flat 35: scene=15 angle=15 category=TURN direction=left cmd=(0,0,0.5)
[EXPERT_ACCEPTANCE] control=FAIL process=OK exit=3 log=/home/khanh248/Documents/HB/Mujoco/unitree_mujoco/simulate_cpp/results/meta_policy_paper_20260828/experts/flat/15_TURN_left.log
[EXPERT_ACCEPTANCE] expert=flat 36: scene=15 angle=15 category=TURN direction=right cmd=(0,0,-0.5)
[EXPERT_ACCEPTANCE] control=FAIL process=OK exit=3 log=/home/khanh248/Documents/HB/Mujoco/unitree_mujoco/simulate_cpp/results/meta_policy_paper_20260828/experts/flat/15_TURN_right.log
[EXPERT_ACCEPTANCE] expert=flat 37: scene=20 angle=20 category=STAND direction=neutral cmd=(0,0,0)
[EXPERT_ACCEPTANCE] control=FAIL process=OK exit=3 log=/home/khanh248/Documents/HB/Mujoco/unitree_mujoco/simulate_cpp/results/meta_policy_paper_20260828/experts/flat/20_STAND_neutral.log
[EXPERT_ACCEPTANCE] expert=flat 38: scene=20-platform angle=20 category=STRAIGHT direction=up cmd=(0.3,0,0)
[EXPERT_ACCEPTANCE] control=PASS process=OK exit=0 log=/home/khanh248/Documents/HB/Mujoco/unitree_mujoco/simulate_cpp/results/meta_policy_paper_20260828/experts/flat/20-platform_STRAIGHT_up.log
[EXPERT_ACCEPTANCE] expert=flat 39: scene=20-platform angle=20 category=STRAIGHT direction=down cmd=(-0.3,0,0)
[EXPERT_ACCEPTANCE] control=FAIL process=OK exit=3 log=/home/khanh248/Documents/HB/Mujoco/unitree_mujoco/simulate_cpp/results/meta_policy_paper_20260828/experts/flat/20-platform_STRAIGHT_down.log
[EXPERT_ACCEPTANCE] expert=flat 40: scene=20-platform angle=20 category=DIAGONAL direction=up cmd=(0.25,0.20,0)
[EXPERT_ACCEPTANCE] control=PASS process=OK exit=0 log=/home/khanh248/Documents/HB/Mujoco/unitree_mujoco/simulate_cpp/results/meta_policy_paper_20260828/experts/flat/20-platform_DIAGONAL_up.log
[EXPERT_ACCEPTANCE] expert=flat 41: scene=20-platform angle=20 category=DIAGONAL direction=down cmd=(-0.25,0.20,0)
[EXPERT_ACCEPTANCE] control=FAIL process=OK exit=2 log=/home/khanh248/Documents/HB/Mujoco/unitree_mujoco/simulate_cpp/results/meta_policy_paper_20260828/experts/flat/20-platform_DIAGONAL_down.log
[EXPERT_ACCEPTANCE] expert=flat 42: scene=20 angle=20 category=CROSS direction=left cmd=(0,0.3,0)
[EXPERT_ACCEPTANCE] control=FAIL process=OK exit=3 log=/home/khanh248/Documents/HB/Mujoco/unitree_mujoco/simulate_cpp/results/meta_policy_paper_20260828/experts/flat/20_CROSS_left.log
[EXPERT_ACCEPTANCE] expert=flat 43: scene=20 angle=20 category=CROSS direction=right cmd=(0,-0.3,0)
[EXPERT_ACCEPTANCE] control=FAIL process=OK exit=3 log=/home/khanh248/Documents/HB/Mujoco/unitree_mujoco/simulate_cpp/results/meta_policy_paper_20260828/experts/flat/20_CROSS_right.log
[EXPERT_ACCEPTANCE] expert=flat 44: scene=20 angle=20 category=TURN direction=left cmd=(0,0,0.5)
[EXPERT_ACCEPTANCE] control=FAIL process=OK exit=3 log=/home/khanh248/Documents/HB/Mujoco/unitree_mujoco/simulate_cpp/results/meta_policy_paper_20260828/experts/flat/20_TURN_left.log
[EXPERT_ACCEPTANCE] expert=flat 45: scene=20 angle=20 category=TURN direction=right cmd=(0,0,-0.5)
[EXPERT_ACCEPTANCE] control=FAIL process=OK exit=3 log=/home/khanh248/Documents/HB/Mujoco/unitree_mujoco/simulate_cpp/results/meta_policy_paper_20260828/experts/flat/20_TURN_right.log
[EXPERT_ACCEPTANCE] expert=flat 46: scene=25 angle=25 category=STAND direction=neutral cmd=(0,0,0)
[EXPERT_ACCEPTANCE] control=FAIL process=OK exit=3 log=/home/khanh248/Documents/HB/Mujoco/unitree_mujoco/simulate_cpp/results/meta_policy_paper_20260828/experts/flat/25_STAND_neutral.log
[EXPERT_ACCEPTANCE] expert=flat 47: scene=25-platform angle=25 category=STRAIGHT direction=up cmd=(0.3,0,0)
[EXPERT_ACCEPTANCE] control=PASS process=OK exit=0 log=/home/khanh248/Documents/HB/Mujoco/unitree_mujoco/simulate_cpp/results/meta_policy_paper_20260828/experts/flat/25-platform_STRAIGHT_up.log
[EXPERT_ACCEPTANCE] expert=flat 48: scene=25-platform angle=25 category=STRAIGHT direction=down cmd=(-0.3,0,0)
[EXPERT_ACCEPTANCE] control=FAIL process=OK exit=3 log=/home/khanh248/Documents/HB/Mujoco/unitree_mujoco/simulate_cpp/results/meta_policy_paper_20260828/experts/flat/25-platform_STRAIGHT_down.log
[EXPERT_ACCEPTANCE] expert=flat 49: scene=25-platform angle=25 category=DIAGONAL direction=up cmd=(0.25,0.20,0)
[EXPERT_ACCEPTANCE] control=PASS process=OK exit=0 log=/home/khanh248/Documents/HB/Mujoco/unitree_mujoco/simulate_cpp/results/meta_policy_paper_20260828/experts/flat/25-platform_DIAGONAL_up.log
[EXPERT_ACCEPTANCE] expert=flat 50: scene=25-platform angle=25 category=DIAGONAL direction=down cmd=(-0.25,0.20,0)
[EXPERT_ACCEPTANCE] control=FAIL process=OK exit=3 log=/home/khanh248/Documents/HB/Mujoco/unitree_mujoco/simulate_cpp/results/meta_policy_paper_20260828/experts/flat/25-platform_DIAGONAL_down.log
[EXPERT_ACCEPTANCE] expert=flat 51: scene=25 angle=25 category=CROSS direction=left cmd=(0,0.3,0)
[EXPERT_ACCEPTANCE] control=FAIL process=OK exit=3 log=/home/khanh248/Documents/HB/Mujoco/unitree_mujoco/simulate_cpp/results/meta_policy_paper_20260828/experts/flat/25_CROSS_left.log
[EXPERT_ACCEPTANCE] expert=flat 52: scene=25 angle=25 category=CROSS direction=right cmd=(0,-0.3,0)
[EXPERT_ACCEPTANCE] control=FAIL process=OK exit=3 log=/home/khanh248/Documents/HB/Mujoco/unitree_mujoco/simulate_cpp/results/meta_policy_paper_20260828/experts/flat/25_CROSS_right.log
[EXPERT_ACCEPTANCE] expert=flat 53: scene=25 angle=25 category=TURN direction=left cmd=(0,0,0.5)
[EXPERT_ACCEPTANCE] control=FAIL process=ERROR exit=134 log=/home/khanh248/Documents/HB/Mujoco/unitree_mujoco/simulate_cpp/results/meta_policy_paper_20260828/experts/flat/25_TURN_left.log
[EXPERT_ACCEPTANCE] expert=flat 54: scene=25 angle=25 category=TURN direction=right cmd=(0,0,-0.5)
[EXPERT_ACCEPTANCE] control=FAIL process=OK exit=3 log=/home/khanh248/Documents/HB/Mujoco/unitree_mujoco/simulate_cpp/results/meta_policy_paper_20260828/experts/flat/25_TURN_right.log
[EXPERT_ACCEPTANCE] expert=flat 55: scene=30 angle=30 category=STAND direction=neutral cmd=(0,0,0)
[EXPERT_ACCEPTANCE] control=FAIL process=OK exit=3 log=/home/khanh248/Documents/HB/Mujoco/unitree_mujoco/simulate_cpp/results/meta_policy_paper_20260828/experts/flat/30_STAND_neutral.log
[EXPERT_ACCEPTANCE] expert=flat 56: scene=30-platform angle=30 category=STRAIGHT direction=up cmd=(0.3,0,0)
[EXPERT_ACCEPTANCE] control=FAIL process=OK exit=3 log=/home/khanh248/Documents/HB/Mujoco/unitree_mujoco/simulate_cpp/results/meta_policy_paper_20260828/experts/flat/30-platform_STRAIGHT_up.log
[EXPERT_ACCEPTANCE] expert=flat 57: scene=30-platform angle=30 category=STRAIGHT direction=down cmd=(-0.3,0,0)
[EXPERT_ACCEPTANCE] control=FAIL process=OK exit=3 log=/home/khanh248/Documents/HB/Mujoco/unitree_mujoco/simulate_cpp/results/meta_policy_paper_20260828/experts/flat/30-platform_STRAIGHT_down.log
[EXPERT_ACCEPTANCE] expert=flat 58: scene=30-platform angle=30 category=DIAGONAL direction=up cmd=(0.25,0.20,0)
[EXPERT_ACCEPTANCE] control=PASS process=OK exit=0 log=/home/khanh248/Documents/HB/Mujoco/unitree_mujoco/simulate_cpp/results/meta_policy_paper_20260828/experts/flat/30-platform_DIAGONAL_up.log
[EXPERT_ACCEPTANCE] expert=flat 59: scene=30-platform angle=30 category=DIAGONAL direction=down cmd=(-0.25,0.20,0)
[EXPERT_ACCEPTANCE] control=FAIL process=OK exit=3 log=/home/khanh248/Documents/HB/Mujoco/unitree_mujoco/simulate_cpp/results/meta_policy_paper_20260828/experts/flat/30-platform_DIAGONAL_down.log
[EXPERT_ACCEPTANCE] expert=flat 60: scene=30 angle=30 category=CROSS direction=left cmd=(0,0.3,0)
[EXPERT_ACCEPTANCE] control=FAIL process=OK exit=3 log=/home/khanh248/Documents/HB/Mujoco/unitree_mujoco/simulate_cpp/results/meta_policy_paper_20260828/experts/flat/30_CROSS_left.log
[EXPERT_ACCEPTANCE] expert=flat 61: scene=30 angle=30 category=CROSS direction=right cmd=(0,-0.3,0)
[EXPERT_ACCEPTANCE] control=FAIL process=OK exit=3 log=/home/khanh248/Documents/HB/Mujoco/unitree_mujoco/simulate_cpp/results/meta_policy_paper_20260828/experts/flat/30_CROSS_right.log
[EXPERT_ACCEPTANCE] expert=flat 62: scene=30 angle=30 category=TURN direction=left cmd=(0,0,0.5)
[EXPERT_ACCEPTANCE] control=FAIL process=OK exit=3 log=/home/khanh248/Documents/HB/Mujoco/unitree_mujoco/simulate_cpp/results/meta_policy_paper_20260828/experts/flat/30_TURN_left.log
[EXPERT_ACCEPTANCE] expert=flat 63: scene=30 angle=30 category=TURN direction=right cmd=(0,0,-0.5)
[EXPERT_ACCEPTANCE] control=FAIL process=OK exit=3 log=/home/khanh248/Documents/HB/Mujoco/unitree_mujoco/simulate_cpp/results/meta_policy_paper_20260828/experts/flat/30_TURN_right.log
[EXPERT_ACCEPTANCE] expert=flat 64: scene=mixed angle=mixed category=STRAIGHT direction=traverse cmd=(0.4,0,0)
[EXPERT_ACCEPTANCE] control=FAIL process=OK exit=3 log=/home/khanh248/Documents/HB/Mujoco/unitree_mujoco/simulate_cpp/results/meta_policy_paper_20260828/experts/flat/mixed_STRAIGHT_traverse.log
[EXPERT_ACCEPTANCE] expert=flat cases=64 control_failures=37 process_errors=8 summary=/home/khanh248/Documents/HB/Mujoco/unitree_mujoco/simulate_cpp/results/meta_policy_paper_20260828/experts/flat/summary.csv
